--- STARTING ILS DFS (NODE_MAX = 12) ---
[Iter 0001] NEW RECORD: 1275 | Unserved: 22
[Iter 0020] Local Opt: 478 | Best: 1275
[Iter 0040] Local Opt: 478 | Best: 1275
[Iter 0060] Local Opt: 483 | Best: 1275
[Iter 0080] Local Opt: 478 | Best: 1275
[Iter 0100] Local Opt: 483 | Best: 1275
[Iter 0120] Local Opt: 478 | Best: 1275
[Iter 0140] Local Opt: 478 | Best: 1275
[Iter 0160] Local Opt: 478 | Best: 1275
[Iter 0180] Local Opt: 478 | Best: 1275
[Iter 0200] Local Opt: 478 | Best: 1275
[Iter 0220] Local Opt: 478 | Best: 1275
[Iter 0240] Local Opt: 483 | Best: 1275
[Iter 0260] Local Opt: 478 | Best: 1275
[Iter 0280] Local Opt: 483 | Best: 1275
[Iter 0300] Local Opt: 478 | Best: 1275
[Iter 0320] Local Opt: 478 | Best: 1275
[Iter 0340] Local Opt: 478 | Best: 1275
[Iter 0360] Local Opt: 478 | Best: 1275
[Iter 0380] Local Opt: 478 | Best: 1275
[Iter 0400] Local Opt: 478 | Best: 1275
[Iter 0420] Local Opt: 478 | Best: 1275
[Iter 0440] Local Opt: 483 | Best: 1275
[Iter 0460] Local Opt: 483 | Best: 1275
[Iter 0480] Local Opt: 483 | Best: 1275
[Iter 0500] Local Opt: 483 | Best: 1275
[Iter 0520] Local Opt: 478 | Best: 1275
[Iter 0540] Local Opt: 483 | Best: 1275
[Iter 0560] Local Opt: 483 | Best: 1275
[Iter 0580] Local Opt: 483 | Best: 1275
[Iter 0600] Local Opt: 478 | Best: 1275
[Iter 0620] Local Opt: 483 | Best: 1275
[Iter 0640] Local Opt: 478 | Best: 1275
[Iter 0660] Local Opt: 478 | Best: 1275
[Iter 0680] Local Opt: 483 | Best: 1275
[Iter 0700] Local Opt: 478 | Best: 1275
[Iter 0720] Local Opt: 478 | Best: 1275
[Iter 0740] Local Opt: 483 | Best: 1275
[Iter 0760] Local Opt: 483 | Best: 1275
[Iter 0780] Local Opt: 483 | Best: 1275
[Iter 0800] Local Opt: 478 | Best: 1275
[Iter 0820] Local Opt: 483 | Best: 1275
[Iter 0840] Local Opt: 478 | Best: 1275
[Iter 0860] Local Opt: 483 | Best: 1275
[Iter 0880] Local Opt: 483 | Best: 1275
[Iter 0900] Local Opt: 478 | Best: 1275
[Iter 0920] Local Opt: 483 | Best: 1275
[Iter 0940] Local Opt: 478 | Best: 1275
[Iter 0960] Local Opt: 478 | Best: 1275
[Iter 0980] Local Opt: 478 | Best: 1275
[Iter 1000] Local Opt: 478 | Best: 1275
[Iter 1020] Local Opt: 478 | Best: 1275
[Iter 1040] Local Opt: 478 | Best: 1275
[Iter 1060] Local Opt: 483 | Best: 1275
[Iter 1080] Local Opt: 478 | Best: 1275
[Iter 1100] Local Opt: 483 | Best: 1275
[Iter 1120] Local Opt: 483 | Best: 1275
[Iter 1140] Local Opt: 478 | Best: 1275
[Iter 1160] Local Opt: 478 | Best: 1275
[Iter 1180] Local Opt: 478 | Best: 1275
[Iter 1200] Local Opt: 483 | Best: 1275
[Iter 1220] Local Opt: 483 | Best: 1275
[Iter 1240] Local Opt: 478 | Best: 1275
[Iter 1260] Local Opt: 478 | Best: 1275
[Iter 1280] Local Opt: 478 | Best: 1275
[Iter 1300] Local Opt: 483 | Best: 1275
[Iter 1320] Local Opt: 478 | Best: 1275
[Iter 1340] Local Opt: 478 | Best: 1275
[Iter 1360] Local Opt: 483 | Best: 1275
[Iter 1380] Local Opt: 483 | Best: 1275
[Iter 1400] Local Opt: 483 | Best: 1275
[Iter 1420] Local Opt: 478 | Best: 1275
[Iter 1440] Local Opt: 478 | Best: 1275
[Iter 1460] Local Opt: 478 | Best: 1275
[Iter 1480] Local Opt: 478 | Best: 1275
[Iter 1500] Local Opt: 478 | Best: 1275
[Iter 1520] Local Opt: 483 | Best: 1275
[Iter 1540] Local Opt: 483 | Best: 1275
[Iter 1560] Local Opt: 478 | Best: 1275
[Iter 1580] Local Opt: 478 | Best: 1275
[Iter 1600] Local Opt: 478 | Best: 1275
[Iter 1620] Local Opt: 483 | Best: 1275
[Iter 1640] Local Opt: 478 | Best: 1275
[Iter 1660] Local Opt: 478 | Best: 1275
[Iter 1680] Local Opt: 478 | Best: 1275
[Iter 1700] Local Opt: 478 | Best: 1275
--- FINAL RESULTS ---
Total Max Benefit: 1275
Total Run Time: 60.01s