--- STARTING MULTI-SAMPLE DFS WITH REVERT (STAGNANT_LIMIT=10) ---
[Iter 0001] NEW RECORD: 239 | Unserved: 28
[Iter 0002] NEW RECORD: 558 | Unserved: 26
[Iter 0003] NEW RECORD: 973 | Unserved: 24
[Iter 0004] NEW RECORD: 1192 | Unserved: 22
[Iter 0006] NEW RECORD: 1196 | Unserved: 22
[Iter 0008] NEW RECORD: 1272 | Unserved: 21
[Iter 0010] NEW RECORD: 1317 | Unserved: 21
[Iter 0020] Stagnant for 10 iters. Reverting to Global Best: 1317
[Iter 0021] NEW RECORD: 1356 | Unserved: 21
[Iter 0031] Stagnant for 10 iters. Reverting to Global Best: 1356
[Iter 0041] Stagnant for 10 iters. Reverting to Global Best: 1356
[Iter 0051] Stagnant for 10 iters. Reverting to Global Best: 1356
[Iter 0061] Stagnant for 10 iters. Reverting to Global Best: 1356
[Iter 0071] Stagnant for 10 iters. Reverting to Global Best: 1356
[Iter 0081] Stagnant for 10 iters. Reverting to Global Best: 1356
[Iter 0091] Stagnant for 10 iters. Reverting to Global Best: 1356
[Iter 0101] Stagnant for 10 iters. Reverting to Global Best: 1356
[Iter 0111] Stagnant for 10 iters. Reverting to Global Best: 1356
[Iter 0121] Stagnant for 10 iters. Reverting to Global Best: 1356
[Iter 0131] Stagnant for 10 iters. Reverting to Global Best: 1356
[Iter 0141] Stagnant for 10 iters. Reverting to Global Best: 1356
[Iter 0151] Stagnant for 10 iters. Reverting to Global Best: 1356
[Iter 0161] Stagnant for 10 iters. Reverting to Global Best: 1356
[Iter 0171] Stagnant for 10 iters. Reverting to Global Best: 1356
[Iter 0181] Stagnant for 10 iters. Reverting to Global Best: 1356
[Iter 0191] Stagnant for 10 iters. Reverting to Global Best: 1356
[Iter 0201] Stagnant for 10 iters. Reverting to Global Best: 1356
[Iter 0211] Stagnant for 10 iters. Reverting to Global Best: 1356
[Iter 0221] Stagnant for 10 iters. Reverting to Global Best: 1356
[Iter 0231] Stagnant for 10 iters. Reverting to Global Best: 1356
[Iter 0241] Stagnant for 10 iters. Reverting to Global Best: 1356
[Iter 0251] Stagnant for 10 iters. Reverting to Global Best: 1356
[Iter 0261] Stagnant for 10 iters. Reverting to Global Best: 1356
[Iter 0271] Stagnant for 10 iters. Reverting to Global Best: 1356
[Iter 0281] Stagnant for 10 iters. Reverting to Global Best: 1356
[Iter 0291] Stagnant for 10 iters. Reverting to Global Best: 1356
[Iter 0301] Stagnant for 10 iters. Reverting to Global Best: 1356
[Iter 0311] Stagnant for 10 iters. Reverting to Global Best: 1356
[Iter 0321] Stagnant for 10 iters. Reverting to Global Best: 1356
[Iter 0331] Stagnant for 10 iters. Reverting to Global Best: 1356
[Iter 0341] Stagnant for 10 iters. Reverting to Global Best: 1356
[Iter 0351] Stagnant for 10 iters. Reverting to Global Best: 1356
[Iter 0361] Stagnant for 10 iters. Reverting to Global Best: 1356
[Iter 0371] Stagnant for 10 iters. Reverting to Global Best: 1356
[Iter 0381] Stagnant for 10 iters. Reverting to Global Best: 1356
[Iter 0391] Stagnant for 10 iters. Reverting to Global Best: 1356
[Iter 0401] Stagnant for 10 iters. Reverting to Global Best: 1356
[Iter 0411] Stagnant for 10 iters. Reverting to Global Best: 1356
[Iter 0421] Stagnant for 10 iters. Reverting to Global Best: 1356
[Iter 0431] Stagnant for 10 iters. Reverting to Global Best: 1356
[Iter 0441] Stagnant for 10 iters. Reverting to Global Best: 1356
[Iter 0451] Stagnant for 10 iters. Reverting to Global Best: 1356
[Iter 0461] Stagnant for 10 iters. Reverting to Global Best: 1356
[Iter 0471] Stagnant for 10 iters. Reverting to Global Best: 1356
[Iter 0481] Stagnant for 10 iters. Reverting to Global Best: 1356
[Iter 0491] Stagnant for 10 iters. Reverting to Global Best: 1356
[Iter 0500] Current Ben: 1052 | Best: 1356
[Iter 0501] Stagnant for 10 iters. Reverting to Global Best: 1356
[Iter 0511] Stagnant for 10 iters. Reverting to Global Best: 1356
[Iter 0521] Stagnant for 10 iters. Reverting to Global Best: 1356
[Iter 0531] Stagnant for 10 iters. Reverting to Global Best: 1356
[Iter 0541] Stagnant for 10 iters. Reverting to Global Best: 1356
[Iter 0551] Stagnant for 10 iters. Reverting to Global Best: 1356
[Iter 0561] Stagnant for 10 iters. Reverting to Global Best: 1356
[Iter 0571] Stagnant for 10 iters. Reverting to Global Best: 1356
[Iter 0581] Stagnant for 10 iters. Reverting to Global Best: 1356
[Iter 0591] Stagnant for 10 iters. Reverting to Global Best: 1356
[Iter 0601] Stagnant for 10 iters. Reverting to Global Best: 1356
[Iter 0611] Stagnant for 10 iters. Reverting to Global Best: 1356
[Iter 0621] Stagnant for 10 iters. Reverting to Global Best: 1356
[Iter 0631] Stagnant for 10 iters. Reverting to Global Best: 1356
[Iter 0641] Stagnant for 10 iters. Reverting to Global Best: 1356
[Iter 0651] Stagnant for 10 iters. Reverting to Global Best: 1356
[Iter 0661] Stagnant for 10 iters. Reverting to Global Best: 1356
[Iter 0671] Stagnant for 10 iters. Reverting to Global Best: 1356
[Iter 0681] Stagnant for 10 iters. Reverting to Global Best: 1356
[Iter 0691] Stagnant for 10 iters. Reverting to Global Best: 1356
[Iter 0701] Stagnant for 10 iters. Reverting to Global Best: 1356
[Iter 0711] Stagnant for 10 iters. Reverting to Global Best: 1356
[Iter 0721] Stagnant for 10 iters. Reverting to Global Best: 1356
[Iter 0731] Stagnant for 10 iters. Reverting to Global Best: 1356
[Iter 0741] Stagnant for 10 iters. Reverting to Global Best: 1356
[Iter 0751] Stagnant for 10 iters. Reverting to Global Best: 1356
[Iter 0761] Stagnant for 10 iters. Reverting to Global Best: 1356
[Iter 0771] Stagnant for 10 iters. Reverting to Global Best: 1356
[Iter 0781] Stagnant for 10 iters. Reverting to Global Best: 1356
[Iter 0791] Stagnant for 10 iters. Reverting to Global Best: 1356
[Iter 0801] Stagnant for 10 iters. Reverting to Global Best: 1356
[Iter 0811] Stagnant for 10 iters. Reverting to Global Best: 1356
[Iter 0821] Stagnant for 10 iters. Reverting to Global Best: 1356
[Iter 0831] Stagnant for 10 iters. Reverting to Global Best: 1356
[Iter 0841] Stagnant for 10 iters. Reverting to Global Best: 1356
[Iter 0851] Stagnant for 10 iters. Reverting to Global Best: 1356
[Iter 0861] Stagnant for 10 iters. Reverting to Global Best: 1356
[Iter 0871] Stagnant for 10 iters. Reverting to Global Best: 1356
[Iter 0881] Stagnant for 10 iters. Reverting to Global Best: 1356
[Iter 0891] Stagnant for 10 iters. Reverting to Global Best: 1356
[Iter 0901] Stagnant for 10 iters. Reverting to Global Best: 1356
[Iter 0911] Stagnant for 10 iters. Reverting to Global Best: 1356
[Iter 0921] Stagnant for 10 iters. Reverting to Global Best: 1356
[Iter 0931] Stagnant for 10 iters. Reverting to Global Best: 1356
[Iter 0941] Stagnant for 10 iters. Reverting to Global Best: 1356
[Iter 0951] Stagnant for 10 iters. Reverting to Global Best: 1356
[Iter 0961] Stagnant for 10 iters. Reverting to Global Best: 1356
[Iter 0971] Stagnant for 10 iters. Reverting to Global Best: 1356
[Iter 0981] Stagnant for 10 iters. Reverting to Global Best: 1356
[Iter 0991] Stagnant for 10 iters. Reverting to Global Best: 1356
[Iter 1000] Current Ben: 1280 | Best: 1356
[Iter 1001] Stagnant for 10 iters. Reverting to Global Best: 1356
[Iter 1011] Stagnant for 10 iters. Reverting to Global Best: 1356
[Iter 1021] Stagnant for 10 iters. Reverting to Global Best: 1356
[Iter 1031] Stagnant for 10 iters. Reverting to Global Best: 1356
[Iter 1041] Stagnant for 10 iters. Reverting to Global Best: 1356
[Iter 1051] Stagnant for 10 iters. Reverting to Global Best: 1356
[Iter 1061] Stagnant for 10 iters. Reverting to Global Best: 1356
[Iter 1071] Stagnant for 10 iters. Reverting to Global Best: 1356
[Iter 1081] Stagnant for 10 iters. Reverting to Global Best: 1356
[Iter 1091] Stagnant for 10 iters. Reverting to Global Best: 1356
[Iter 1101] Stagnant for 10 iters. Reverting to Global Best: 1356
[Iter 1111] Stagnant for 10 iters. Reverting to Global Best: 1356
[Iter 1121] Stagnant for 10 iters. Reverting to Global Best: 1356
[Iter 1131] Stagnant for 10 iters. Reverting to Global Best: 1356
[Iter 1141] Stagnant for 10 iters. Reverting to Global Best: 1356
[Iter 1151] Stagnant for 10 iters. Reverting to Global Best: 1356
[Iter 1161] Stagnant for 10 iters. Reverting to Global Best: 1356
[Iter 1171] Stagnant for 10 iters. Reverting to Global Best: 1356
[Iter 1181] Stagnant for 10 iters. Reverting to Global Best: 1356
[Iter 1191] Stagnant for 10 iters. Reverting to Global Best: 1356
[Iter 1201] Stagnant for 10 iters. Reverting to Global Best: 1356
[Iter 1211] Stagnant for 10 iters. Reverting to Global Best: 1356
[Iter 1221] Stagnant for 10 iters. Reverting to Global Best: 1356
[Iter 1231] Stagnant for 10 iters. Reverting to Global Best: 1356
[Iter 1241] Stagnant for 10 iters. Reverting to Global Best: 1356
[Iter 1251] Stagnant for 10 iters. Reverting to Global Best: 1356
[Iter 1261] Stagnant for 10 iters. Reverting to Global Best: 1356
[Iter 1271] Stagnant for 10 iters. Reverting to Global Best: 1356
[Iter 1281] Stagnant for 10 iters. Reverting to Global Best: 1356
[Iter 1291] Stagnant for 10 iters. Reverting to Global Best: 1356
[Iter 1301] Stagnant for 10 iters. Reverting to Global Best: 1356
[Iter 1311] Stagnant for 10 iters. Reverting to Global Best: 1356
[Iter 1321] Stagnant for 10 iters. Reverting to Global Best: 1356
[Iter 1331] Stagnant for 10 iters. Reverting to Global Best: 1356
[Iter 1341] Stagnant for 10 iters. Reverting to Global Best: 1356
[Iter 1351] Stagnant for 10 iters. Reverting to Global Best: 1356
[Iter 1361] Stagnant for 10 iters. Reverting to Global Best: 1356
[Iter 1371] Stagnant for 10 iters. Reverting to Global Best: 1356
[Iter 1381] Stagnant for 10 iters. Reverting to Global Best: 1356
[Iter 1391] Stagnant for 10 iters. Reverting to Global Best: 1356
[Iter 1401] Stagnant for 10 iters. Reverting to Global Best: 1356
[Iter 1411] Stagnant for 10 iters. Reverting to Global Best: 1356
[Iter 1421] Stagnant for 10 iters. Reverting to Global Best: 1356
[Iter 1431] Stagnant for 10 iters. Reverting to Global Best: 1356
[Iter 1441] Stagnant for 10 iters. Reverting to Global Best: 1356
[Iter 1451] Stagnant for 10 iters. Reverting to Global Best: 1356
[Iter 1461] Stagnant for 10 iters. Reverting to Global Best: 1356
[Iter 1471] Stagnant for 10 iters. Reverting to Global Best: 1356
[Iter 1481] Stagnant for 10 iters. Reverting to Global Best: 1356
[Iter 1491] Stagnant for 10 iters. Reverting to Global Best: 1356
[Iter 1500] Current Ben: 1113 | Best: 1356
[Iter 1501] Stagnant for 10 iters. Reverting to Global Best: 1356
[Iter 1511] Stagnant for 10 iters. Reverting to Global Best: 1356
[Iter 1521] Stagnant for 10 iters. Reverting to Global Best: 1356
[Iter 1531] Stagnant for 10 iters. Reverting to Global Best: 1356
[Iter 1541] Stagnant for 10 iters. Reverting to Global Best: 1356
[Iter 1551] Stagnant for 10 iters. Reverting to Global Best: 1356
[Iter 1561] Stagnant for 10 iters. Reverting to Global Best: 1356
[Iter 1571] Stagnant for 10 iters. Reverting to Global Best: 1356
[Iter 1581] Stagnant for 10 iters. Reverting to Global Best: 1356
[Iter 1591] Stagnant for 10 iters. Reverting to Global Best: 1356
[Iter 1601] Stagnant for 10 iters. Reverting to Global Best: 1356
[Iter 1611] Stagnant for 10 iters. Reverting to Global Best: 1356
[Iter 1621] Stagnant for 10 iters. Reverting to Global Best: 1356
[Iter 1631] Stagnant for 10 iters. Reverting to Global Best: 1356
[Iter 1641] Stagnant for 10 iters. Reverting to Global Best: 1356
[Iter 1651] Stagnant for 10 iters. Reverting to Global Best: 1356
[Iter 1661] Stagnant for 10 iters. Reverting to Global Best: 1356
[Iter 1671] Stagnant for 10 iters. Reverting to Global Best: 1356
[Iter 1681] Stagnant for 10 iters. Reverting to Global Best: 1356
[Iter 1691] Stagnant for 10 iters. Reverting to Global Best: 1356
[Iter 1701] Stagnant for 10 iters. Reverting to Global Best: 1356
[Iter 1711] Stagnant for 10 iters. Reverting to Global Best: 1356
[Iter 1721] Stagnant for 10 iters. Reverting to Global Best: 1356
[Iter 1731] Stagnant for 10 iters. Reverting to Global Best: 1356
[Iter 1741] Stagnant for 10 iters. Reverting to Global Best: 1356
[Iter 1751] Stagnant for 10 iters. Reverting to Global Best: 1356
[Iter 1761] Stagnant for 10 iters. Reverting to Global Best: 1356
[Iter 1771] Stagnant for 10 iters. Reverting to Global Best: 1356
[Iter 1781] Stagnant for 10 iters. Reverting to Global Best: 1356
[Iter 1791] Stagnant for 10 iters. Reverting to Global Best: 1356
[Iter 1801] Stagnant for 10 iters. Reverting to Global Best: 1356
[Iter 1811] Stagnant for 10 iters. Reverting to Global Best: 1356
[Iter 1821] Stagnant for 10 iters. Reverting to Global Best: 1356
[Iter 1831] Stagnant for 10 iters. Reverting to Global Best: 1356
[Iter 1841] Stagnant for 10 iters. Reverting to Global Best: 1356
[Iter 1851] Stagnant for 10 iters. Reverting to Global Best: 1356
[Iter 1861] Stagnant for 10 iters. Reverting to Global Best: 1356
[Iter 1871] Stagnant for 10 iters. Reverting to Global Best: 1356
[Iter 1881] Stagnant for 10 iters. Reverting to Global Best: 1356
[Iter 1891] Stagnant for 10 iters. Reverting to Global Best: 1356
[Iter 1901] Stagnant for 10 iters. Reverting to Global Best: 1356
[Iter 1911] Stagnant for 10 iters. Reverting to Global Best: 1356
[Iter 1921] Stagnant for 10 iters. Reverting to Global Best: 1356
[Iter 1931] Stagnant for 10 iters. Reverting to Global Best: 1356
[Iter 1941] Stagnant for 10 iters. Reverting to Global Best: 1356
[Iter 1951] Stagnant for 10 iters. Reverting to Global Best: 1356
[Iter 1961] Stagnant for 10 iters. Reverting to Global Best: 1356
[Iter 1971] Stagnant for 10 iters. Reverting to Global Best: 1356
[Iter 1981] Stagnant for 10 iters. Reverting to Global Best: 1356
[Iter 1991] Stagnant for 10 iters. Reverting to Global Best: 1356
[Iter 2000] Current Ben: 1268 | Best: 1356
[Iter 2001] Stagnant for 10 iters. Reverting to Global Best: 1356
[Iter 2011] Stagnant for 10 iters. Reverting to Global Best: 1356
[Iter 2021] Stagnant for 10 iters. Reverting to Global Best: 1356
[Iter 2031] Stagnant for 10 iters. Reverting to Global Best: 1356
[Iter 2041] Stagnant for 10 iters. Reverting to Global Best: 1356
[Iter 2051] Stagnant for 10 iters. Reverting to Global Best: 1356
[Iter 2061] Stagnant for 10 iters. Reverting to Global Best: 1356
[Iter 2071] Stagnant for 10 iters. Reverting to Global Best: 1356
[Iter 2081] Stagnant for 10 iters. Reverting to Global Best: 1356
[Iter 2091] Stagnant for 10 iters. Reverting to Global Best: 1356
[Iter 2101] Stagnant for 10 iters. Reverting to Global Best: 1356
[Iter 2111] Stagnant for 10 iters. Reverting to Global Best: 1356
[Iter 2121] Stagnant for 10 iters. Reverting to Global Best: 1356
[Iter 2131] Stagnant for 10 iters. Reverting to Global Best: 1356
[Iter 2141] Stagnant for 10 iters. Reverting to Global Best: 1356
[Iter 2151] Stagnant for 10 iters. Reverting to Global Best: 1356
[Iter 2161] Stagnant for 10 iters. Reverting to Global Best: 1356
[Iter 2171] Stagnant for 10 iters. Reverting to Global Best: 1356
[Iter 2181] Stagnant for 10 iters. Reverting to Global Best: 1356
[Iter 2191] Stagnant for 10 iters. Reverting to Global Best: 1356
[Iter 2201] Stagnant for 10 iters. Reverting to Global Best: 1356
[Iter 2211] Stagnant for 10 iters. Reverting to Global Best: 1356
[Iter 2221] Stagnant for 10 iters. Reverting to Global Best: 1356
[Iter 2231] Stagnant for 10 iters. Reverting to Global Best: 1356
[Iter 2241] Stagnant for 10 iters. Reverting to Global Best: 1356
[Iter 2251] Stagnant for 10 iters. Reverting to Global Best: 1356
[Iter 2261] Stagnant for 10 iters. Reverting to Global Best: 1356
[Iter 2271] Stagnant for 10 iters. Reverting to Global Best: 1356
[Iter 2281] Stagnant for 10 iters. Reverting to Global Best: 1356
[Iter 2291] Stagnant for 10 iters. Reverting to Global Best: 1356
[Iter 2301] Stagnant for 10 iters. Reverting to Global Best: 1356
[Iter 2311] Stagnant for 10 iters. Reverting to Global Best: 1356
[Iter 2321] Stagnant for 10 iters. Reverting to Global Best: 1356
[Iter 2331] Stagnant for 10 iters. Reverting to Global Best: 1356
[Iter 2341] Stagnant for 10 iters. Reverting to Global Best: 1356
[Iter 2351] Stagnant for 10 iters. Reverting to Global Best: 1356
[Iter 2361] Stagnant for 10 iters. Reverting to Global Best: 1356
[Iter 2371] Stagnant for 10 iters. Reverting to Global Best: 1356
[Iter 2381] Stagnant for 10 iters. Reverting to Global Best: 1356
[Iter 2391] Stagnant for 10 iters. Reverting to Global Best: 1356
[Iter 2401] Stagnant for 10 iters. Reverting to Global Best: 1356
[Iter 2411] Stagnant for 10 iters. Reverting to Global Best: 1356
[Iter 2421] Stagnant for 10 iters. Reverting to Global Best: 1356
[Iter 2431] Stagnant for 10 iters. Reverting to Global Best: 1356
[Iter 2441] Stagnant for 10 iters. Reverting to Global Best: 1356
[Iter 2451] Stagnant for 10 iters. Reverting to Global Best: 1356
[Iter 2461] Stagnant for 10 iters. Reverting to Global Best: 1356
[Iter 2471] Stagnant for 10 iters. Reverting to Global Best: 1356
[Iter 2481] Stagnant for 10 iters. Reverting to Global Best: 1356
[Iter 2491] Stagnant for 10 iters. Reverting to Global Best: 1356
[Iter 2500] Current Ben: 1109 | Best: 1356
[Iter 2501] Stagnant for 10 iters. Reverting to Global Best: 1356
[Iter 2511] Stagnant for 10 iters. Reverting to Global Best: 1356
[Iter 2521] Stagnant for 10 iters. Reverting to Global Best: 1356
[Iter 2531] Stagnant for 10 iters. Reverting to Global Best: 1356
[Iter 2541] Stagnant for 10 iters. Reverting to Global Best: 1356
[Iter 2551] Stagnant for 10 iters. Reverting to Global Best: 1356
[Iter 2561] Stagnant for 10 iters. Reverting to Global Best: 1356
[Iter 2571] Stagnant for 10 iters. Reverting to Global Best: 1356
[Iter 2581] Stagnant for 10 iters. Reverting to Global Best: 1356
--- FINAL RESULTS ---
Total Max Benefit: 1356
Total Run Time: 60.01s